C:\projects\KRBO-02-16\Denisov\Lab2\Logical\Global.typ
C:\projects\KRBO-02-16\Denisov\Lab2\Logical\Global.var
C:\projects\KRBO-02-16\Denisov\Lab2\Logical\Libraries\operator\operator.fun
C:\projects\KRBO-02-16\Denisov\Lab2\Logical\Libraries\operator\operator.typ
C:\projects\KRBO-02-16\Denisov\Lab2\Logical\Libraries\operator\operator.var
C:\projects\KRBO-02-16\Denisov\Lab2\Logical\Libraries\runtime\runtime.fun
C:\projects\KRBO-02-16\Denisov\Lab2\Logical\Libraries\runtime\runtime.typ
C:\projects\KRBO-02-16\Denisov\Lab2\Logical\Libraries\runtime\runtime.var
C:\projects\KRBO-02-16\Denisov\Lab2\Logical\Libraries\astime\astime.fun
C:\projects\KRBO-02-16\Denisov\Lab2\Logical\Libraries\astime\astime.typ
C:\projects\KRBO-02-16\Denisov\Lab2\Logical\Libraries\astime\astime.var
C:\projects\KRBO-02-16\Denisov\Lab2\Logical\Libraries\AsIecCon\AsIecCon.fun
C:\projects\KRBO-02-16\Denisov\Lab2\Logical\Libraries\AsIecCon\AsIecCon.typ
C:\projects\KRBO-02-16\Denisov\Lab2\Logical\Libraries\AsIecCon\AsIecCon.var
C:\projects\KRBO-02-16\Denisov\Lab2\Logical\Libraries\Acp10man\Acp10man.typ
C:\projects\KRBO-02-16\Denisov\Lab2\Logical\Libraries\Acp10par\Acp10par.var
C:\projects\KRBO-02-16\Denisov\Lab2\Logical\Libraries\NcGlobal\NcGlobal.fun
C:\projects\KRBO-02-16\Denisov\Lab2\Logical\Libraries\NcGlobal\NcGlobal.typ
C:\projects\KRBO-02-16\Denisov\Lab2\Logical\Libraries\NcGlobal\NcGlobal.var
C:\projects\KRBO-02-16\Denisov\Lab2\Logical\Libraries\Acp10sdc\acp10sdc.var
C:\projects\KRBO-02-16\Denisov\Lab2\Logical\Libraries\Acp10sdc\acp10sdc.typ
C:\projects\KRBO-02-16\Denisov\Lab2\Logical\Libraries\AsBrStr\AsBrStr.fun
C:\projects\KRBO-02-16\Denisov\Lab2\Logical\Libraries\AsBrStr\AsBrStr.typ
C:\projects\KRBO-02-16\Denisov\Lab2\Logical\Libraries\AsBrStr\AsBrStr.var
C:\projects\KRBO-02-16\Denisov\Lab2\Logical\Libraries\DriveLib\Types.typ
C:\projects\KRBO-02-16\Denisov\Lab2\Logical\Libraries\DriveLib\Constants.var
C:\projects\KRBO-02-16\Denisov\Lab2\Logical\Libraries\DriveLib\DriveLib.fun
